// Jest Snapshot v1, https://goo.gl/fbAQLP

exports[`Application reducer APPLICATION_READY reduced correctly 1`] = `
Object {
  "loading": false,
}
`;
